// Jest Snapshot v1, https://goo.gl/fbAQLP

exports[`Account icon test should render the Account icon unchanged 1`] = `
<div>
  <svg
    fill="none"
    height="22"
    viewBox="0 0 16 22"
    width="16"
    xmlns="http://www.w3.org/2000/svg"
  >
    <path
      d="M8 2a3.75 3.75 0 1 1 0 7.5A3.75 3.75 0 0 1 8 2ZM8 .5A5.25 5.25 0 1 0 8 11 5.25 5.25 0 0 0 8 .5Zm7.5 21H14v-3.75A3.75 3.75 0 0 0 10.25 14h-4.5A3.75 3.75 0 0 0 2 17.75v3.75H.5v-3.75a5.25 5.25 0 0 1 5.25-5.25h4.5a5.25 5.25 0 0 1 5.25 5.25v3.75Z"
      fill="var(--neutral-neutral-1000)"
    />
  </svg>
</div>
`;
